[debug] [2026-09-07T17:15:00.317Z] ----------------------------------------------------------------------
[debug] [2026-09-07T17:15:00.318Z] Command:       /usr/local/bin/node /Users/bonny/.npm/_npx/ba4f1959e38407b5/node_modules/.bin/firebase deploy --only hosting --project vanbransa-housekeeping-pro
[debug] [2026-09-07T17:15:00.318Z] CLI Version:   15.29.0
[debug] [2026-09-07T17:15:00.318Z] Platform:      darwin
[debug] [2026-09-07T17:15:00.318Z] Node Version:  v24.18.0
[debug] [2026-09-07T17:15:00.318Z] Detected Agent: antigravity
[debug] [2026-09-07T17:15:00.318Z] Time:          Mon Sep 07 2026 20:15:00 GMT+0300 (East Africa Time)
[debug] [2026-09-07T17:15:00.318Z] ----------------------------------------------------------------------
[debug] 
[debug] [2026-09-07T17:15:00.553Z] > command requires scopes: ["email","openid","https://www.googleapis.com/auth/cloudplatformprojects.readonly","https://www.googleapis.com/auth/firebase","https://www.googleapis.com/auth/cloud-platform"]
[debug] [2026-09-07T17:15:00.553Z] > authorizing via signed-in user (tokgot@gmail.com)
[debug] [2026-09-07T17:15:00.553Z] [iam] checking project vanbransa-housekeeping-pro for permissions ["firebase.projects.get","firebasehosting.sites.update"]
[debug] [2026-09-07T17:15:00.557Z] Checked if tokens are valid: false, expires at: 1788802173839
[debug] [2026-09-07T17:15:00.557Z] Checked if tokens are valid: false, expires at: 1788802173839
[debug] [2026-09-07T17:15:00.557Z] > refreshing access token with scopes: []
[debug] [2026-09-07T17:15:00.558Z] >>> [apiv2][query] POST https://www.googleapis.com/oauth2/v3/token [none]
[debug] [2026-09-07T17:15:00.558Z] >>> [apiv2][body] POST https://www.googleapis.com/oauth2/v3/token [omitted]
[debug] [2026-09-07T17:15:01.329Z] <<< [apiv2][status] POST https://www.googleapis.com/oauth2/v3/token 200
[debug] [2026-09-07T17:15:01.330Z] <<< [apiv2][body] POST https://www.googleapis.com/oauth2/v3/token [omitted]
[debug] [2026-09-07T17:15:01.341Z] >>> [apiv2][query] POST https://cloudresourcemanager.googleapis.com/v1/projects/vanbransa-housekeeping-pro:testIamPermissions [none]
[debug] [2026-09-07T17:15:01.341Z] >>> [apiv2][(partial)header] POST https://cloudresourcemanager.googleapis.com/v1/projects/vanbransa-housekeeping-pro:testIamPermissions  x-goog-user-project=vanbransa-housekeeping-pro
[debug] [2026-09-07T17:15:01.341Z] >>> [apiv2][body] POST https://cloudresourcemanager.googleapis.com/v1/projects/vanbransa-housekeeping-pro:testIamPermissions {"permissions":["firebase.projects.get","firebasehosting.sites.update"]}
[debug] [2026-09-07T17:15:03.166Z] <<< [apiv2][status] POST https://cloudresourcemanager.googleapis.com/v1/projects/vanbransa-housekeeping-pro:testIamPermissions 200
[debug] [2026-09-07T17:15:03.166Z] <<< [apiv2][body] POST https://cloudresourcemanager.googleapis.com/v1/projects/vanbransa-housekeeping-pro:testIamPermissions {"permissions":["firebase.projects.get","firebasehosting.sites.update"]}
[debug] [2026-09-07T17:15:03.167Z] Checked if tokens are valid: true, expires at: 1788804900330
[debug] [2026-09-07T17:15:03.167Z] Checked if tokens are valid: true, expires at: 1788804900330
[debug] [2026-09-07T17:15:03.167Z] >>> [apiv2][query] GET https://firebase.googleapis.com/v1beta1/projects/vanbransa-housekeeping-pro [none]
[debug] [2026-09-07T17:15:03.975Z] <<< [apiv2][status] GET https://firebase.googleapis.com/v1beta1/projects/vanbransa-housekeeping-pro 200
[debug] [2026-09-07T17:15:03.975Z] <<< [apiv2][body] GET https://firebase.googleapis.com/v1beta1/projects/vanbransa-housekeeping-pro {"projectId":"vanbransa-housekeeping-pro","projectNumber":"505255380907","displayName":"Vanbransa Housekeeping Pro","name":"projects/vanbransa-housekeeping-pro","resources":{"hostingSite":"vanbransa-housekeeping-pro"},"state":"ACTIVE","labels":{"firebase":"enabled"},"etag":"1_b6d08897-21e1-4598-900d-b716ecb42016"}
[info] 
[info] === Deploying to 'vanbransa-housekeeping-pro'...
[info] 
[info] i  deploying hosting 
[debug] [2026-09-07T17:15:03.978Z] Checked if tokens are valid: true, expires at: 1788804900330
[debug] [2026-09-07T17:15:03.978Z] Checked if tokens are valid: true, expires at: 1788804900330
[debug] [2026-09-07T17:15:03.978Z] >>> [apiv2][query] GET https://firebasehosting.googleapis.com/v1beta1/projects/vanbransa-housekeeping-pro/sites/vanbransa-housekeeping-pro [none]
[debug] [2026-09-07T17:15:06.529Z] <<< [apiv2][status] GET https://firebasehosting.googleapis.com/v1beta1/projects/vanbransa-housekeeping-pro/sites/vanbransa-housekeeping-pro 200
[debug] [2026-09-07T17:15:06.529Z] <<< [apiv2][body] GET https://firebasehosting.googleapis.com/v1beta1/projects/vanbransa-housekeeping-pro/sites/vanbransa-housekeeping-pro {"name":"projects/vanbransa-housekeeping-pro/sites/vanbransa-housekeeping-pro","defaultUrl":"https://vanbransa-housekeeping-pro.web.app","appId":"1:505255380907:web:aed893af94dfbb52aa74ee","type":"DEFAULT_SITE"}
[debug] [2026-09-07T17:15:06.532Z] Checked if tokens are valid: true, expires at: 1788804900330
[debug] [2026-09-07T17:15:06.532Z] Checked if tokens are valid: true, expires at: 1788804900330
[debug] [2026-09-07T17:15:06.533Z] >>> [apiv2][query] POST https://firebasehosting.googleapis.com/v1beta1/projects/-/sites/vanbransa-housekeeping-pro/versions [none]
[debug] [2026-09-07T17:15:06.533Z] >>> [apiv2][body] POST https://firebasehosting.googleapis.com/v1beta1/projects/-/sites/vanbransa-housekeeping-pro/versions {"status":"CREATED","labels":{"deployment-tool":"cli-firebase"}}
[debug] [2026-09-07T17:15:08.281Z] <<< [apiv2][status] POST https://firebasehosting.googleapis.com/v1beta1/projects/-/sites/vanbransa-housekeeping-pro/versions 200
[debug] [2026-09-07T17:15:08.281Z] <<< [apiv2][body] POST https://firebasehosting.googleapis.com/v1beta1/projects/-/sites/vanbransa-housekeeping-pro/versions {"name":"projects/505255380907/sites/vanbransa-housekeeping-pro/versions/e2004ffb2eaba50c","status":"CREATED","config":{},"labels":{"deployment-tool":"cli-firebase"}}
[info] i  hosting[vanbransa-housekeeping-pro]: beginning deploy... 
[info] i  hosting[vanbransa-housekeeping-pro]: found 25 files in frontend/out 
[debug] [2026-09-07T17:15:08.292Z] [hosting] uploading with 200 concurrency
[debug] [2026-09-07T17:15:08.317Z] Checked if tokens are valid: true, expires at: 1788804900330
[debug] [2026-09-07T17:15:08.317Z] Checked if tokens are valid: true, expires at: 1788804900330
[debug] [2026-09-07T17:15:08.318Z] [hosting] hash cache [ZnJvbnRlbmQvb3V0] stored for 25 files
[debug] [2026-09-07T17:15:08.318Z] [hosting][hash queue][FINAL] {"max":23,"min":8,"avg":9.000000000000002,"active":0,"complete":25,"success":25,"errored":0,"retried":0,"total":25,"elapsed":26}
[debug] [2026-09-07T17:15:08.318Z] >>> [apiv2][query] POST https://firebasehosting.googleapis.com/v1beta1/projects/505255380907/sites/vanbransa-housekeeping-pro/versions/e2004ffb2eaba50c:populateFiles [none]
[debug] [2026-09-07T17:15:08.318Z] >>> [apiv2][body] POST https://firebasehosting.googleapis.com/v1beta1/projects/505255380907/sites/vanbransa-housekeeping-pro/versions/e2004ffb2eaba50c:populateFiles {"files":{"/service-worker.js":"cfe5862edb74d50a64b4fba0e0c790eb339b7550a713c8b3fbeca83cdc05d7e9","/js/sync.js":"040cf79a505fc6e9855499a4b08ce47d6a394d3601bd3246ac93b1b1200da76f","/js/firebase-config.js":"8e8a0b8b7d8e8730426ebf0b8d422d9825ff4a19881d2b503bdf07a16532b8c1","/manifest.json":"ebea014947f44e92f5ab7ccad8cb3c5573f743ab9f957a18869328ec03c89928","/js/etims.js":"ced934f7fd33a6bffb9816a95a32ec848408bd5d14281d338d0f5e0c8725260c","/js/ledger.js":"b81490dc12686185f9b5b1d0382d0200e9ea173245d9aed2ed1c3a4b23f1dcb7","/js/export.js":"1e3f762a5eed1e128e2ec01096df73cfdba566b20bd1a40849f574a6c5e8ea2c","/js/state.js":"c7184e96f93699a04c68ba68059889613ef95be63601e71f124478fc08de408d","/js/ai.js":"a7b5c4d640c11e18e0890088dc366bedc9dfc4f150698415b89ea43d06f50115","/js/auth.js":"6956eaddb5c09c98cea6cf40231159122d03ecae7ba2bb4a03958fb246283a9d","/js/dispatch.js":"a758536183c43f611f09ece86452ba9f72d2d862f77f06e3d31e0eaff7822672","/js/ui/landingView.js":"1a419b6fa9c8dc16d1e4fd9142bc314aba2daa925185b53775508aa0e07df6d2","/js/enroll.js":"13a39a1b669fc40b905cafb86b6a5674bfb3d64dd4c3ed7e1257df82c81b88af","/index.html":"cf9aed34d992fa2e52ca12c37f72dd12787c449ec04596e19032c32d77f50600","/js/app.js":"243e7b6c6a67a1187a14424e3a633fcf7d98043fb9c803cee0eb81b8f1b701e3","/js/ui/financeView.js":"8db2980dc21d7ebf3937bb3501e8a6829716426c6843e09540a3b6ce4a9c2a1a","/js/ui/adminView.js":"f954a1e02419195015a40b0d35d402d16a3caacff916ecfc2cc7fe91c86f0d4e","/js/subscription.js":"79137092d8ca7edcd4bbecf6a387bd2c407ff08260fab0110c8a928d1e0e74fe","/css/mobile.css":"f645969144d6a58f2e8214b2360b1aecc723dbe05050b0414b993fa2e274b349","/js/ui/agencyView.js":"6faf5748581f57ee6fdea274334e34424ca87e729b5764b7ebd3073be68ba177","/css/main.css":"d64d91baaa9708351c10fd784f6716a3da9e7cf26a45a4356b90046bdf1a6b6c","/js/ui/ownerView.js":"584e4a4874fc9ae4421913ec8a88298455dec01125918c23098b01011e6f978d","/css/components.css":"3f55754d325fe39e43ddf9038176a02f6ea8c06219259462be21f37aede4f958","/js/ui/housekeeperView.js":"5f88c77e633e727c0d2a215dd69b878dbba798e5ee3d67cc76be4b933e5524bd","/assets/landing_hero.jpg":"2e4db6a323a80319f46ae5e7286f427f764d76e621bb7af3df2e88bcbbfb1a51"}}
[debug] [2026-09-07T17:15:09.562Z] <<< [apiv2][status] POST https://firebasehosting.googleapis.com/v1beta1/projects/505255380907/sites/vanbransa-housekeeping-pro/versions/e2004ffb2eaba50c:populateFiles 200
[debug] [2026-09-07T17:15:09.562Z] <<< [apiv2][body] POST https://firebasehosting.googleapis.com/v1beta1/projects/505255380907/sites/vanbransa-housekeeping-pro/versions/e2004ffb2eaba50c:populateFiles {"uploadRequiredHashes":["cf9aed34d992fa2e52ca12c37f72dd12787c449ec04596e19032c32d77f50600","243e7b6c6a67a1187a14424e3a633fcf7d98043fb9c803cee0eb81b8f1b701e3"],"uploadUrl":"https://upload-firebasehosting.googleapis.com/upload/sites/vanbransa-housekeeping-pro/versions/e2004ffb2eaba50c/files"}
[debug] [2026-09-07T17:15:09.562Z] Checked if tokens are valid: true, expires at: 1788804900330
[debug] [2026-09-07T17:15:09.562Z] Checked if tokens are valid: true, expires at: 1788804900330
[debug] [2026-09-07T17:15:09.562Z] Checked if tokens are valid: true, expires at: 1788804900330
[debug] [2026-09-07T17:15:09.562Z] Checked if tokens are valid: true, expires at: 1788804900330
[debug] [2026-09-07T17:15:09.563Z] >>> [apiv2][query] POST https://upload-firebasehosting.googleapis.com/upload/sites/vanbransa-housekeeping-pro/versions/e2004ffb2eaba50c/files/cf9aed34d992fa2e52ca12c37f72dd12787c449ec04596e19032c32d77f50600 [none]
[debug] [2026-09-07T17:15:09.563Z] >>> [apiv2][body] POST https://upload-firebasehosting.googleapis.com/upload/sites/vanbransa-housekeeping-pro/versions/e2004ffb2eaba50c/files/cf9aed34d992fa2e52ca12c37f72dd12787c449ec04596e19032c32d77f50600 [stream]
[debug] [2026-09-07T17:15:09.563Z] >>> [apiv2][query] POST https://upload-firebasehosting.googleapis.com/upload/sites/vanbransa-housekeeping-pro/versions/e2004ffb2eaba50c/files/243e7b6c6a67a1187a14424e3a633fcf7d98043fb9c803cee0eb81b8f1b701e3 [none]
[debug] [2026-09-07T17:15:09.563Z] >>> [apiv2][body] POST https://upload-firebasehosting.googleapis.com/upload/sites/vanbransa-housekeeping-pro/versions/e2004ffb2eaba50c/files/243e7b6c6a67a1187a14424e3a633fcf7d98043fb9c803cee0eb81b8f1b701e3 [stream]
[debug] [2026-09-07T17:15:09.565Z] [hosting][populate queue][FINAL] {"max":1245,"min":1245,"avg":1245,"active":0,"complete":1,"success":1,"errored":0,"retried":0,"total":1,"elapsed":1248}
[debug] [2026-09-07T17:15:09.565Z] [hosting] uploads queued: 2
[info] i  hosting: uploading new files [0/2] (0%) 
[debug] [2026-09-07T17:15:11.349Z] <<< [apiv2][status] POST https://upload-firebasehosting.googleapis.com/upload/sites/vanbransa-housekeeping-pro/versions/e2004ffb2eaba50c/files/243e7b6c6a67a1187a14424e3a633fcf7d98043fb9c803cee0eb81b8f1b701e3 200
[debug] [2026-09-07T17:15:11.350Z] <<< [apiv2][body] POST https://upload-firebasehosting.googleapis.com/upload/sites/vanbransa-housekeeping-pro/versions/e2004ffb2eaba50c/files/243e7b6c6a67a1187a14424e3a633fcf7d98043fb9c803cee0eb81b8f1b701e3 [stream]
[debug] [2026-09-07T17:15:11.536Z] <<< [apiv2][status] POST https://upload-firebasehosting.googleapis.com/upload/sites/vanbransa-housekeeping-pro/versions/e2004ffb2eaba50c/files/cf9aed34d992fa2e52ca12c37f72dd12787c449ec04596e19032c32d77f50600 200
[debug] [2026-09-07T17:15:11.537Z] <<< [apiv2][body] POST https://upload-firebasehosting.googleapis.com/upload/sites/vanbransa-housekeeping-pro/versions/e2004ffb2eaba50c/files/cf9aed34d992fa2e52ca12c37f72dd12787c449ec04596e19032c32d77f50600 [stream]
[debug] [2026-09-07T17:15:11.537Z] [hosting][upload queue][FINAL] {"max":1975,"min":1788,"avg":1881.5,"active":0,"complete":2,"success":2,"errored":0,"retried":0,"total":2,"elapsed":1975}
[info] i  hosting: upload complete 
[info] ✔  hosting[vanbransa-housekeeping-pro]: file upload complete 
[debug] [2026-09-07T17:15:11.538Z] [hosting] deploy completed after 3255ms
[debug] [2026-09-07T17:15:11.538Z] [
  {
    "config": {
      "public": "frontend/out",
      "ignore": [
        "firebase.json",
        "**/.*",
        "**/node_modules/**"
      ],
      "rewrites": [
        {
          "source": "**",
          "destination": "/index.html"
        }
      ],
      "site": "vanbransa-housekeeping-pro"
    },
    "version": "projects/505255380907/sites/vanbransa-housekeeping-pro/versions/e2004ffb2eaba50c"
  }
]
[info] i  hosting[vanbransa-housekeeping-pro]: finalizing version... 
[debug] [2026-09-07T17:15:11.539Z] Checked if tokens are valid: true, expires at: 1788804900330
[debug] [2026-09-07T17:15:11.540Z] Checked if tokens are valid: true, expires at: 1788804900330
[debug] [2026-09-07T17:15:11.540Z] >>> [apiv2][query] PATCH https://firebasehosting.googleapis.com/v1beta1/projects/-/sites/vanbransa-housekeeping-pro/versions/e2004ffb2eaba50c updateMask=status%2Cconfig
[debug] [2026-09-07T17:15:11.540Z] >>> [apiv2][body] PATCH https://firebasehosting.googleapis.com/v1beta1/projects/-/sites/vanbransa-housekeeping-pro/versions/e2004ffb2eaba50c {"status":"FINALIZED","config":{"rewrites":[{"glob":"**","path":"/index.html"}]}}
[debug] [2026-09-07T17:15:13.295Z] <<< [apiv2][status] PATCH https://firebasehosting.googleapis.com/v1beta1/projects/-/sites/vanbransa-housekeeping-pro/versions/e2004ffb2eaba50c 200
[debug] [2026-09-07T17:15:13.296Z] <<< [apiv2][body] PATCH https://firebasehosting.googleapis.com/v1beta1/projects/-/sites/vanbransa-housekeeping-pro/versions/e2004ffb2eaba50c {"name":"projects/505255380907/sites/vanbransa-housekeeping-pro/versions/e2004ffb2eaba50c","status":"FINALIZED","config":{"rewrites":[{"glob":"**","path":"/index.html"}]},"labels":{"deployment-tool":"cli-firebase"},"createTime":"2026-09-07T17:15:07.340599Z","createUser":{"email":"tokgot@gmail.com"},"finalizeTime":"2026-09-07T17:15:13.280406Z","finalizeUser":{"email":"tokgot@gmail.com"}}
[debug] [2026-09-07T17:15:13.296Z] [hosting] finalized version for vanbransa-housekeeping-pro:[object Object]
[info] ✔  hosting[vanbransa-housekeeping-pro]: version finalized 
[info] i  hosting[vanbransa-housekeeping-pro]: releasing new version... 
[debug] [2026-09-07T17:15:13.296Z] Checked if tokens are valid: true, expires at: 1788804900330
[debug] [2026-09-07T17:15:13.296Z] Checked if tokens are valid: true, expires at: 1788804900330
[debug] [2026-09-07T17:15:13.296Z] >>> [apiv2][query] POST https://firebasehosting.googleapis.com/v1beta1/projects/-/sites/vanbransa-housekeeping-pro/channels/live/releases versionName=projects%2F505255380907%2Fsites%2Fvanbransa-housekeeping-pro%2Fversions%2Fe2004ffb2eaba50c
[debug] [2026-09-07T17:15:13.296Z] >>> [apiv2][body] POST https://firebasehosting.googleapis.com/v1beta1/projects/-/sites/vanbransa-housekeeping-pro/channels/live/releases {}
